../Core/Src/main.c:83:5:main	8	static
../Core/Src/main.c:148:6:SystemClock_Config	88	static
../Core/Src/main.c:194:13:MX_I2C1_Init	8	static
../Core/Src/main.c:228:13:MX_I2S3_Init	8	static
../Core/Src/main.c:262:13:MX_SPI1_Init	8	static
../Core/Src/main.c:300:13:MX_TIM3_Init	32	static
../Core/Src/main.c:345:13:MX_WWDG_Init	8	static
../Core/Src/main.c:375:13:MX_GPIO_Init	56	static
../Core/Src/main.c:474:6:HAL_TIM_PeriodElapsedCallback	16	static
../Core/Src/main.c:492:6:Error_Handler	4	static,ignoring_inline_asm
