../Core/Src/main.c:82:5:main	8	static
../Core/Src/main.c:147:6:SystemClock_Config	88	static
../Core/Src/main.c:194:13:MX_I2C1_Init	8	static
../Core/Src/main.c:228:13:MX_I2S3_Init	8	static
../Core/Src/main.c:262:13:MX_IWDG_Init	8	static
../Core/Src/main.c:290:13:MX_SPI1_Init	8	static
../Core/Src/main.c:328:13:MX_TIM3_Init	32	static
../Core/Src/main.c:373:13:MX_GPIO_Init	56	static
../Core/Src/main.c:467:6:HAL_TIM_PeriodElapsedCallback	24	static
../Core/Src/main.c:493:6:Error_Handler	4	static,ignoring_inline_asm
